
> prm-app@0.1.0 build
> next build

Ôû▓ Next.js 16.1.6 (Turbopack)

  Creating an optimized production build ...
Ô£ô Compiled successfully in 18.9s
  Running TypeScript ...
  Collecting page data using 11 workers ...
node.exe : Error: Failed to collect configuration for 
/analytics
At line:1 char:1
+ & "C:\Program Files\nodejs/node.exe" "C:\Program 
Files\nodejs/node_mo ...
+ ~~~~~~~~~~~~~~~~~~~~~~~~~~~~~~~~~~~~~~~~~~~~~~~~~~~~
~~~~~~~~~~~~~~~~~
    + CategoryInfo          : NotSpecified: (Error: F 
   ailed t... for /analytics:String) [], RemoteExcep  
  tion
    + FullyQualifiedErrorId : NativeCommandError
 
    at ignore-listed frames {
  [cause]: Error [VercelPostgresError]: 
VercelPostgresError - 'missing_connection_string': 
You did not supply a 'connectionString' and no 
'POSTGRES_URL' env var was found.
      at bj (C:\Users\Mario\PRM\.next\server\chunks\ss
r\[root-of-the-server]__606b5033._.js:17:5067)
      at module evaluation (C:\Users\Mario\PRM\.next\s
erver\chunks\ssr\[root-of-the-server]__606b5033._.js:1
7:6329)
      at instantiateModule (C:\Users\Mario\PRM\.next\s
erver\chunks\ssr\[turbopack]_runtime.js:740:9)
      at getOrInstantiateModuleFromParent (C:\Users\Ma
rio\PRM\.next\server\chunks\ssr\[turbopack]_runtime.js
:763:12)
      at Context.esmImport [as i] (C:\Users\Mario\PRM\
.next\server\chunks\ssr\[turbopack]_runtime.js:228:20)
      at module evaluation (C:\Users\Mario\PRM\.next\s
erver\chunks\ssr\[root-of-the-server]__a503971a._.js:5
3:9290)
      at instantiateModule (C:\Users\Mario\PRM\.next\s
erver\chunks\ssr\[turbopack]_runtime.js:740:9)
      at getOrInstantiateModuleFromParent (C:\Users\Ma
rio\PRM\.next\server\chunks\ssr\[turbopack]_runtime.js
:763:12)
      at Context.esmImport [as i] (C:\Users\Mario\PRM\
.next\server\chunks\ssr\[turbopack]_runtime.js:228:20)
      at module evaluation (C:\Users\Mario\PRM\.next\s
erver\chunks\ssr\[root-of-the-server]__a6f5e2b7._.js:1
:3014) {
    code: 'missing_connection_string'
  }
}
Error: Failed to collect configuration for /directory
    at ignore-listed frames {
  [cause]: Error [VercelPostgresError]: 
VercelPostgresError - 'missing_connection_string': 
You did not supply a 'connectionString' and no 
'POSTGRES_URL' env var was found.
      at bj (C:\Users\Mario\PRM\.next\server\chunks\ss
r\[root-of-the-server]__606b5033._.js:17:5067)
      at module evaluation (C:\Users\Mario\PRM\.next\s
erver\chunks\ssr\[root-of-the-server]__606b5033._.js:1
7:6329)
      at instantiateModule (C:\Users\Mario\PRM\.next\s
erver\chunks\ssr\[turbopack]_runtime.js:740:9)
      at getOrInstantiateModuleFromParent (C:\Users\Ma
rio\PRM\.next\server\chunks\ssr\[turbopack]_runtime.js
:763:12)
      at Context.esmImport [as i] (C:\Users\Mario\PRM\
.next\server\chunks\ssr\[turbopack]_runtime.js:228:20)
      at module evaluation (C:\Users\Mario\PRM\.next\s
erver\chunks\ssr\[root-of-the-server]__a503971a._.js:5
3:9290)
      at instantiateModule (C:\Users\Mario\PRM\.next\s
erver\chunks\ssr\[turbopack]_runtime.js:740:9)
      at getOrInstantiateModuleFromParent (C:\Users\Ma
rio\PRM\.next\server\chunks\ssr\[turbopack]_runtime.js
:763:12)
      at Context.esmImport [as i] (C:\Users\Mario\PRM\
.next\server\chunks\ssr\[turbopack]_runtime.js:228:20)
      at module evaluation (C:\Users\Mario\PRM\.next\s
erver\chunks\ssr\[root-of-the-server]__5c1a7bad._.js:1
:1322) {
    code: 'missing_connection_string'
  }
}
Error: Failed to collect configuration for /reminders
    at ignore-listed frames {
  [cause]: Error [VercelPostgresError]: 
VercelPostgresError - 'missing_connection_string': 
You did not supply a 'connectionString' and no 
'POSTGRES_URL' env var was found.
      at bj (C:\Users\Mario\PRM\.next\server\chunks\ss
r\[root-of-the-server]__606b5033._.js:17:5067)
      at module evaluation (C:\Users\Mario\PRM\.next\s
erver\chunks\ssr\[root-of-the-server]__606b5033._.js:1
7:6329)
      at instantiateModule (C:\Users\Mario\PRM\.next\s
erver\chunks\ssr\[turbopack]_runtime.js:740:9)
      at getOrInstantiateModuleFromParent (C:\Users\Ma
rio\PRM\.next\server\chunks\ssr\[turbopack]_runtime.js
:763:12)
      at Context.esmImport [as i] (C:\Users\Mario\PRM\
.next\server\chunks\ssr\[turbopack]_runtime.js:228:20)
      at module evaluation (C:\Users\Mario\PRM\.next\s
erver\chunks\ssr\[root-of-the-server]__a503971a._.js:5
3:9290)
      at instantiateModule (C:\Users\Mario\PRM\.next\s
erver\chunks\ssr\[turbopack]_runtime.js:740:9)
      at getOrInstantiateModuleFromParent (C:\Users\Ma
rio\PRM\.next\server\chunks\ssr\[turbopack]_runtime.js
:763:12)
      at Context.esmImport [as i] (C:\Users\Mario\PRM\
.next\server\chunks\ssr\[turbopack]_runtime.js:228:20)
      at module evaluation (C:\Users\Mario\PRM\.next\s
erver\chunks\ssr\[root-of-the-server]__b0a95565._.js:1
:4855) {
    code: 'missing_connection_string'
  }
}
Error: Failed to collect configuration for /
    at ignore-listed frames {
  [cause]: Error [VercelPostgresError]: 
VercelPostgresError - 'missing_connection_string': 
You did not supply a 'connectionString' and no 
'POSTGRES_URL' env var was found.
      at bj (C:\Users\Mario\PRM\.next\server\chunks\ss
r\[root-of-the-server]__606b5033._.js:17:5067)
      at module evaluation (C:\Users\Mario\PRM\.next\s
erver\chunks\ssr\[root-of-the-server]__606b5033._.js:1
7:6329)
      at instantiateModule (C:\Users\Mario\PRM\.next\s
erver\chunks\ssr\[turbopack]_runtime.js:740:9)
      at getOrInstantiateModuleFromParent (C:\Users\Ma
rio\PRM\.next\server\chunks\ssr\[turbopack]_runtime.js
:763:12)
      at Context.esmImport [as i] (C:\Users\Mario\PRM\
.next\server\chunks\ssr\[turbopack]_runtime.js:228:20)
      at module evaluation (C:\Users\Mario\PRM\.next\s
erver\chunks\ssr\[root-of-the-server]__a503971a._.js:5
3:9290)
      at instantiateModule (C:\Users\Mario\PRM\.next\s
erver\chunks\ssr\[turbopack]_runtime.js:740:9)
      at getOrInstantiateModuleFromParent (C:\Users\Ma
rio\PRM\.next\server\chunks\ssr\[turbopack]_runtime.js
:763:12)
      at Context.esmImport [as i] (C:\Users\Mario\PRM\
.next\server\chunks\ssr\[turbopack]_runtime.js:228:20)
      at module evaluation (C:\Users\Mario\PRM\.next\s
erver\chunks\ssr\[root-of-the-server]__e19a6db0._.js:1
:4243) {
    code: 'missing_connection_string'
  }
}
Error: Failed to collect configuration for /pipeline
    at ignore-listed frames {
  [cause]: Error [VercelPostgresError]: 
VercelPostgresError - 'missing_connection_string': 
You did not supply a 'connectionString' and no 
'POSTGRES_URL' env var was found.
      at bj (C:\Users\Mario\PRM\.next\server\chunks\ss
r\[root-of-the-server]__606b5033._.js:17:5067)
      at module evaluation (C:\Users\Mario\PRM\.next\s
erver\chunks\ssr\[root-of-the-server]__606b5033._.js:1
7:6329)
      at instantiateModule (C:\Users\Mario\PRM\.next\s
erver\chunks\ssr\[turbopack]_runtime.js:740:9)
      at getOrInstantiateModuleFromParent (C:\Users\Ma
rio\PRM\.next\server\chunks\ssr\[turbopack]_runtime.js
:763:12)
      at Context.esmImport [as i] (C:\Users\Mario\PRM\
.next\server\chunks\ssr\[turbopack]_runtime.js:228:20)
      at module evaluation (C:\Users\Mario\PRM\.next\s
erver\chunks\ssr\[root-of-the-server]__a503971a._.js:5
3:9290)
      at instantiateModule (C:\Users\Mario\PRM\.next\s
erver\chunks\ssr\[turbopack]_runtime.js:740:9)
      at getOrInstantiateModuleFromParent (C:\Users\Ma
rio\PRM\.next\server\chunks\ssr\[turbopack]_runtime.js
:763:12)
      at Context.esmImport [as i] (C:\Users\Mario\PRM\
.next\server\chunks\ssr\[turbopack]_runtime.js:228:20)
      at module evaluation (C:\Users\Mario\PRM\.next\s
erver\chunks\ssr\[root-of-the-server]__88a7ac42._.js:1
:1263) {
    code: 'missing_connection_string'
  }
}
Error: Failed to collect configuration for 
/partners/[id]
    at ignore-listed frames {
  [cause]: Error [VercelPostgresError]: 
VercelPostgresError - 'missing_connection_string': 
You did not supply a 'connectionString' and no 
'POSTGRES_URL' env var was found.
      at bj (C:\Users\Mario\PRM\.next\server\chunks\ss
r\[root-of-the-server]__606b5033._.js:17:5067)
      at module evaluation (C:\Users\Mario\PRM\.next\s
erver\chunks\ssr\[root-of-the-server]__606b5033._.js:1
7:6329)
      at instantiateModule (C:\Users\Mario\PRM\.next\s
erver\chunks\ssr\[turbopack]_runtime.js:740:9)
      at getOrInstantiateModuleFromParent (C:\Users\Ma
rio\PRM\.next\server\chunks\ssr\[turbopack]_runtime.js
:763:12)
      at Context.esmImport [as i] (C:\Users\Mario\PRM\
.next\server\chunks\ssr\[turbopack]_runtime.js:228:20)
      at module evaluation (C:\Users\Mario\PRM\.next\s
erver\chunks\ssr\[root-of-the-server]__a503971a._.js:5
3:9290)
      at instantiateModule (C:\Users\Mario\PRM\.next\s
erver\chunks\ssr\[turbopack]_runtime.js:740:9)
      at getOrInstantiateModuleFromParent (C:\Users\Ma
rio\PRM\.next\server\chunks\ssr\[turbopack]_runtime.js
:763:12)
      at Context.esmImport [as i] (C:\Users\Mario\PRM\
.next\server\chunks\ssr\[turbopack]_runtime.js:228:20)
      at module evaluation (C:\Users\Mario\PRM\.next\s
erver\chunks\ssr\[root-of-the-server]__fc3ec394._.js:1
:8298) {
    code: 'missing_connection_string'
  }
}

> Build error occurred
Error: Failed to collect page data for /analytics
    at ignore-listed frames {
  type: 'Error'
}
